// Jest Snapshot v1, https://goo.gl/fbAQLP

exports[`it matches snapshot for logged in user 1`] = `
<DocumentFragment>
  <div
    class="Routes"
  >
    <div
      class="Profile"
    >
      <h1
        class="Profile-header"
      >
        rickSanchez
      </h1>
      <a
        class="Profile-todo-link"
        href="/users/1/todos"
      >
        Click here for next steps!
      </a>
      <div
        class="Profile-section reptile"
      >
        <div
          class="Profile-options"
        >
          <a
            href="/users/1/reptiles"
          >
            See your reptiles
          </a>
          <a
            href="/users/1/reptiles/add"
          >
            Add a reptile
          </a>
        </div>
        <img
          alt=""
          class="Profile-icon"
          src="reptile.png"
        />
      </div>
      <div
        class="Profile-section pantry"
      >
        <img
          alt=""
          class="Profile-icon"
          src="pantry.png"
        />
        <div
          class="Profile-options"
        >
          <a
            href="/users/1/pantry"
          >
            See your pantry
          </a>
          <a
            href="/foods"
          >
            Add foods to pantry
          </a>
        </div>
      </div>
      <div
        class="Profile-section user"
      >
        <div
          class="Profile-options"
        >
          <a
            href="/users/1/edit"
          >
            Edit your profile
          </a>
          <a
            href="/foods"
          >
            Delete account
          </a>
        </div>
        <img
          alt=""
          class="Profile-icon"
          src="user.png"
        />
      </div>
    </div>
  </div>
</DocumentFragment>
`;

exports[`it matches snapshot for logged out user 1`] = `
<DocumentFragment>
  <div
    class="Routes"
  >
    <div
      class="Unauthorized"
    >
      <h4>
        You are not authorized to view this page! Here are your options:
      </h4>
      <div
        class="Unauthorized-options"
      >
        <a
          href="/login"
        >
          Log in to your account
        </a>
        <a
          href="/register"
        >
          Register for an account with us
        </a>
      </div>
    </div>
  </div>
</DocumentFragment>
`;
