// Jest Snapshot v1, https://goo.gl/fbAQLP

exports[`it matches snapshot 1`] = `
<DocumentFragment>
  <div
    class="Routes"
  >
    <div
      class="Todos"
    >
      <h3>
        Click on one to get started
      </h3>
      <div
        class="Todos-wrapper"
      >
        <div
          class="Todos-wrapper essential-wrapper"
        >
          <h4>
            Essential
          </h4>
          <a
            class="Todos-todo essential"
            href="/foods"
          >
            Buy a plumbus
          </a>
        </div>
        <div
          class="Todos-wrapper niceToHave-wrapper"
        >
          <h4>
            Nice to Have
          </h4>
          <a
            class="Todos-todo niceToHave"
            href="/foods"
          >
            Figure out the plumbus
          </a>
        </div>
      </div>
    </div>
  </div>
</DocumentFragment>
`;
