// Jest Snapshot v1, https://goo.gl/fbAQLP

exports[`it matches snapshot 1`] = `
<DocumentFragment>
  <div>
    <a
      class="Navbar-option"
      href="/users/1/reptiles"
    >
      My Reptiles
    </a>
    <a
      class="Navbar-option"
      href="/users/1/pantry"
    >
      My Pantry
    </a>
    <a
      class="Navbar-option"
      href="/users/1"
    >
      My Account
    </a>
    <a
      aria-current="page"
      class="Navbar-option active"
      href="/"
    >
      Log out
    </a>
  </div>
</DocumentFragment>
`;
