// Jest Snapshot v1, https://goo.gl/fbAQLP

exports[`it matches snapshot 1`] = `
<DocumentFragment>
  <div
    class="PantryCard everything"
  >
    <div
      class="PantryCard-img-wrapper"
    >
      <img
        alt="plumbus"
        src=""
      />
    </div>
    <h2>
      plumbus
    </h2>
    <p>
      Feed always
    </p>
    <p>
      Treat?: 
      <b>
        Yes
      </b>
    </p>
    <p>
      Tips: N/A
    </p>
    <button
      class="PantryCard-removebtn"
    >
      I ran out
    </button>
  </div>
</DocumentFragment>
`;
