// Jest Snapshot v1, https://goo.gl/fbAQLP

exports[`it matches snapshot 1`] = `
<DocumentFragment>
  <div
    class="Pantry"
  >
    <div>
      <h1>
        My Pantry
      </h1>
      <a
        class="Pantry-link"
        href="/foods"
      >
        Add foods to pantry
      </a>
    </div>
    <div
      class="PantryCard vegetable"
    >
      <div
        class="PantryCard-img-wrapper"
      >
        <img
          alt="arugula"
          src="https://halfyourplate-4kgxi1gvwldjzby.stackpathdns.com/wp-content/uploads/2014/12/arugula_small.gif"
        />
      </div>
      <h4>
        arugula
      </h4>
      <p>
        Feed often
      </p>
      <p>
        Treat?: 
        <span>
          No
        </span>
      </p>
      <p>
        Tips: N/A
      </p>
      <button
        class="PantryCard-removebtn"
      >
        I ran out
      </button>
    </div>
  </div>
</DocumentFragment>
`;
