// Jest Snapshot v1, https://goo.gl/fbAQLP

exports[`it matches snapshot 1`] = `
<DocumentFragment>
  <div
    class="Meal"
  >
    <h4>
      Feed this always
    </h4>
    <div
      class="Meal-wrapper"
    >
      <div
        class="MealCard vegetable"
      >
        <div
          class="MealCard-img-wrapper"
        >
          <img
            alt="arugula"
            src="https://halfyourplate-4kgxi1gvwldjzby.stackpathdns.com/wp-content/uploads/2014/12/arugula_small.gif"
          />
        </div>
        <h5>
          arugula
        </h5>
      </div>
    </div>
  </div>
</DocumentFragment>
`;
