// Jest Snapshot v1, https://goo.gl/fbAQLP

exports[`it matches snapshot 1`] = `
<DocumentFragment>
  <div
    class="Routes"
  >
    <div
      class="Reptile"
    >
      <div
        class="Reptile-card"
      >
        <div
          class="Reptile-card-img-wrapper"
        >
          <img
            alt="two crows"
            src=""
          />
        </div>
        <div>
          <div
            class="Reptile-card-info"
          >
            <h1>
              two crows
            </h1>
            <h4>
              Species: crows
            </h4>
            <h4>
              Subspecies: two of them
            </h4>
            <h5>
              Born on 2015-10-29
            </h5>
          </div>
          <button
            class="edit"
          >
            Edit
          </button>
        </div>
      </div>
      <div
        class="Reptile-button-wrapper"
      >
        <button
          class="feed"
        >
          Feed
        </button>
        <button
          class="treat"
        >
          Give a treat
        </button>
      </div>
    </div>
  </div>
</DocumentFragment>
`;
