// Jest Snapshot v1, https://goo.gl/fbAQLP

exports[`it matches snapshot 1`] = `
<DocumentFragment>
  <div
    class="Foods"
  >
    <h1>
      Food for your reptiles!
    </h1>
    <h5>
      Pick foods you have or can easily get. We recommend having a large variety of foods to ensure a balanced diet.
    </h5>
    <div
      class="FoodOptions"
    >
      <h4>
        Use these options to filter foods
      </h4>
      <div
        class="FoodOptions-group"
      >
        <label
          class="FoodOptions-label"
          for="species"
        >
          Species
        </label>
        <select
          class="FoodOptions-input"
          id="species"
          name="species"
        >
          <option
            value="blue-tongue-skink"
          >
            Blue Tongue Skink
          </option>
        </select>
      </div>
      <div
        class="FoodOptions-group"
      >
        <label
          class="FoodOptions-label"
          for="search"
        >
          Search foods
        </label>
        <input
          class="FoodOptions-input"
          id="search"
          name="search"
          type="text"
          value=""
        />
      </div>
      <div
        class="FoodOptions-group"
      >
        <label
          class="FoodOptions-label"
          for="frequency"
        >
          Food group
        </label>
        <select
          class="FoodOptions-input"
          id="type"
          name="type"
        >
          <option
            value=""
          >
            --
          </option>
          <option
            value="protein"
          >
            Protein
          </option>
          <option
            value="vegetable"
          >
            Vegetables/Greens
          </option>
          <option
            value="fruit"
          >
            Fruit
          </option>
          <option
            value="supplement"
          >
            Supplements
          </option>
        </select>
      </div>
      <div
        class="FoodOptions-group"
      >
        <label
          class="FoodOptions-label"
          for="treats"
        >
          Treats
        </label>
        <input
          class="FoodOptions-checkbox"
          id="treats"
          name="treats"
          type="checkbox"
          value="false"
        />
      </div>
    </div>
    <table
      class="FoodTable"
    >
      <thead
        class="FoodTable-header"
      >
        <tr
          class="FoodTable-header-cells"
        >
          <td>
            Image
          </td>
          <td>
            Name
          </td>
          <td>
            Type
          </td>
          <td>
            How often?
          </td>
          <td>
            Treat?
          </td>
          <td>
            Tips
          </td>
          <td>
            Add / Remove
          </td>
        </tr>
      </thead>
      <tbody
        class="FoodTable-body"
      />
    </table>
  </div>
</DocumentFragment>
`;
